
Regressions exceeding the threshold (lower CI bound > threshold):
  - construction/chain/1000: median +46.4% (CI [+40.2%, +53.7%]) — threshold 10.0%
  - construction/sparse_dag_fan4/1000: median +22.9% (CI [+19.2%, +28.8%]) — threshold 10.0%
  - construction/chain/5000: median +37.8% (CI [+30.9%, +45.0%]) — threshold 10.0%
  - construction/sparse_dag_fan4/5000: median +177.1% (CI [+155.6%, +204.1%]) — threshold 10.0%
  - construction/chain/10000: median +121.4% (CI [+114.2%, +130.2%]) — threshold 10.0%
  - construction/sparse_dag_fan4/10000: median +282.3% (CI [+258.5%, +308.0%]) — threshold 10.0%
  - construction/chain/50000: median +298.6% (CI [+267.4%, +332.1%]) — threshold 10.0%
  - construction/sparse_dag_fan4/50000: median +109.2% (CI [+99.1%, +118.1%]) — threshold 10.0%
  - construction/chain/100000: median +41.7% (CI [+39.0%, +45.0%]) — threshold 10.0%
  - construction/sparse_dag_fan4/100000: median +41.2% (CI [+38.4%, +44.4%]) — threshold 10.0%
  - search/no_filter/chain/1000: median +15.7% (CI [+14.7%, +16.5%]) — threshold 10.0%
  - search/no_filter/sparse_dag_fan16/1000: median +94.0% (CI [+90.5%, +98.4%]) — threshold 10.0%
  - search/no_filter/sparse_dag_fan16/10000: median +108.2% (CI [+103.4%, +113.0%]) — threshold 10.0%
  - search/no_filter/sparse_dag_fan16/50000: median +83.1% (CI [+75.3%, +94.7%]) — threshold 10.0%
  - search/no_filter/layered/20x10: median +41.0% (CI [+37.4%, +44.8%]) — threshold 10.0%
  - search/no_filter/layered/50x20: median +25.5% (CI [+18.4%, +34.6%]) — threshold 10.0%
  - search/no_filter/layered/100x30: median +23.1% (CI [+19.9%, +26.5%]) — threshold 10.0%
  - search/filter_cost/pass_all_closure: median +13.1% (CI [+12.3%, +14.0%]) — threshold 10.0%
  - concurrent_queries/parallel_rayon/32: median +32.0% (CI [+22.0%, +41.1%]) — threshold 10.0%

FAIL: 19 benchmark(s) regressed beyond their size-aware threshold (base 10.0%, floor 2.0 ns).
Parsed 57 benchmark(s); criterion flagged 22; 19 exceed threshold (base 10.0%, size-aware floor 2.0 ns).
