   Compiling syn v2.0.117
   Compiling memchr v2.8.0
   Compiling clap_builder v4.6.0
   Compiling serde_json v1.0.149
   Compiling clap v4.6.1
   Compiling zerocopy-derive v0.8.48
   Compiling serde_derive v1.0.228
   Compiling zerocopy v0.8.48
   Compiling serde v1.0.228
   Compiling tinytemplate v1.2.1
   Compiling half v2.7.1
   Compiling ciborium-ll v0.2.2
   Compiling ciborium v0.2.2
   Compiling criterion v0.5.1
   Compiling grafo-dag v0.1.0 (/Users/pepe/Workspace/rust/automata-atelier-search-20261008-185805-10446/grafo)
error[E0432]: unresolved import `grafo::SearchWorkspace`
 --> grafo/tests/search_workspace.rs:2:43
  |
2 | use grafo::{Graph, GraphError, NodeAttrs, SearchWorkspace};
  |                                           ^^^^^^^^^^^^^^^ no `SearchWorkspace` in the root

error[E0599]: no method named `shortest_path_cost_with_workspace` found for struct `Graph` in the current scope
   --> grafo/tests/search_workspace.rs:15:15
    |
 15 |         graph.shortest_path_cost_with_workspace(from, to, &mut workspace).unwrap()
    |               ^^^^^^^^^^^^^^^^^^^^^^^^^^^^^^^^^
    |
help: there is a method `shortest_path_cost` with a similar name, but with different arguments
   --> grafo/src/graph.rs:617:5
    |
617 |     pub fn shortest_path_cost(&self, from: &str, to: &str) -> Result<Option<f64>, GraphError> {
    |     ^^^^^^^^^^^^^^^^^^^^^^^^^^^^^^^^^^^^^^^^^^^^^^^^^^^^^^^^^^^^^^^^^^^^^^^^^^^^^^^^^^^^^^^^^

error[E0599]: no method named `shortest_path_cost_with_workspace` found for struct `Graph` in the current scope
   --> grafo/tests/search_workspace.rs:28:33
    |
 28 |         .map(|(from, to)| graph.shortest_path_cost_with_workspace(from, to, &mut workspace).unwrap_err());
    |                                 ^^^^^^^^^^^^^^^^^^^^^^^^^^^^^^^^^
    |
help: there is a method `shortest_path_cost` with a similar name, but with different arguments
   --> grafo/src/graph.rs:617:5
    |
617 |     pub fn shortest_path_cost(&self, from: &str, to: &str) -> Result<Option<f64>, GraphError> {
    |     ^^^^^^^^^^^^^^^^^^^^^^^^^^^^^^^^^^^^^^^^^^^^^^^^^^^^^^^^^^^^^^^^^^^^^^^^^^^^^^^^^^^^^^^^^

error[E0599]: no method named `shortest_path_cost_with_workspace` found for struct `Graph` in the current scope
   --> grafo/tests/search_workspace.rs:29:27
    |
 29 |     let recovered = graph.shortest_path_cost_with_workspace("a", "d", &mut workspace).unwrap();
    |                           ^^^^^^^^^^^^^^^^^^^^^^^^^^^^^^^^^
    |
help: there is a method `shortest_path_cost` with a similar name, but with different arguments
   --> grafo/src/graph.rs:617:5
    |
617 |     pub fn shortest_path_cost(&self, from: &str, to: &str) -> Result<Option<f64>, GraphError> {
    |     ^^^^^^^^^^^^^^^^^^^^^^^^^^^^^^^^^^^^^^^^^^^^^^^^^^^^^^^^^^^^^^^^^^^^^^^^^^^^^^^^^^^^^^^^^

error[E0599]: no method named `shortest_path_filtered_cost_with_workspace` found for struct `Graph` in the current scope
   --> grafo/tests/search_workspace.rs:44:15
    |
 44 |         graph.shortest_path_filtered_cost_with_workspace("a", "d", |attrs| {
    |         ------^^^^^^^^^^^^^^^^^^^^^^^^^^^^^^^^^^^^^^^^^^
    |
help: there is a method `shortest_path_filtered_cost` with a similar name, but with different arguments
   --> grafo/src/graph.rs:758:5
    |
758 | /     pub fn shortest_path_filtered_cost<F>(
759 | |         &self,
760 | |         from: &str,
761 | |         to: &str,
...   |
764 | |     where
765 | |         F: Fn(&NodeAttrs) -> bool,
    | |__________________________________^

error[E0599]: no method named `shortest_path_filtered_cost_with_workspace` found for struct `Graph` in the current scope
   --> grafo/tests/search_workspace.rs:60:33
    |
 60 |         .map(|(from, to)| graph.shortest_path_filtered_cost_with_workspace(from, to, filter, &mut workspace).unwrap());
    |                                 ^^^^^^^^^^^^^^^^^^^^^^^^^^^^^^^^^^^^^^^^^^
    |
help: there is a method `shortest_path_filtered_cost` with a similar name, but with different arguments
   --> grafo/src/graph.rs:758:5
    |
758 | /     pub fn shortest_path_filtered_cost<F>(
759 | |         &self,
760 | |         from: &str,
761 | |         to: &str,
...   |
764 | |     where
765 | |         F: Fn(&NodeAttrs) -> bool,
    | |__________________________________^

error[E0599]: no method named `shortest_path_filtered_cost_with_workspace` found for struct `Graph` in the current scope
   --> grafo/tests/search_workspace.rs:72:23
    |
 72 |     let error = graph.shortest_path_filtered_cost_with_workspace("a", "missing", |_| {
    |                 ------^^^^^^^^^^^^^^^^^^^^^^^^^^^^^^^^^^^^^^^^^^
    |
help: there is a method `shortest_path_filtered_cost` with a similar name, but with different arguments
   --> grafo/src/graph.rs:758:5
    |
758 | /     pub fn shortest_path_filtered_cost<F>(
759 | |         &self,
760 | |         from: &str,
761 | |         to: &str,
...   |
764 | |     where
765 | |         F: Fn(&NodeAttrs) -> bool,
    | |__________________________________^

error[E0599]: no method named `shortest_path_filtered_cost_with_workspace` found for struct `Graph` in the current scope
   --> grafo/tests/search_workspace.rs:88:24
    |
 88 |     let result = graph.shortest_path_filtered_cost_with_workspace("a", "a", |_| {
    |                  ------^^^^^^^^^^^^^^^^^^^^^^^^^^^^^^^^^^^^^^^^^^
    |
help: there is a method `shortest_path_filtered_cost` with a similar name, but with different arguments
   --> grafo/src/graph.rs:758:5
    |
758 | /     pub fn shortest_path_filtered_cost<F>(
759 | |         &self,
760 | |         from: &str,
761 | |         to: &str,
...   |
764 | |     where
765 | |         F: Fn(&NodeAttrs) -> bool,
    | |__________________________________^

error[E0599]: no method named `shortest_path_cost_with_workspace` found for struct `Graph` in the current scope
   --> grafo/tests/search_workspace.rs:110:15
    |
110 |         first.shortest_path_cost_with_workspace("a", "d", &mut workspace).unwrap(),
    |               ^^^^^^^^^^^^^^^^^^^^^^^^^^^^^^^^^
    |
help: there is a method `shortest_path_cost` with a similar name, but with different arguments
   --> grafo/src/graph.rs:617:5
    |
617 |     pub fn shortest_path_cost(&self, from: &str, to: &str) -> Result<Option<f64>, GraphError> {
    |     ^^^^^^^^^^^^^^^^^^^^^^^^^^^^^^^^^^^^^^^^^^^^^^^^^^^^^^^^^^^^^^^^^^^^^^^^^^^^^^^^^^^^^^^^^

error[E0599]: no method named `shortest_path_cost_with_workspace` found for struct `Graph` in the current scope
   --> grafo/tests/search_workspace.rs:111:19
    |
111 |         reordered.shortest_path_cost_with_workspace("a", "d", &mut workspace).unwrap(),
    |                   ^^^^^^^^^^^^^^^^^^^^^^^^^^^^^^^^^
    |
help: there is a method `shortest_path_cost` with a similar name, but with different arguments
   --> grafo/src/graph.rs:617:5
    |
617 |     pub fn shortest_path_cost(&self, from: &str, to: &str) -> Result<Option<f64>, GraphError> {
    |     ^^^^^^^^^^^^^^^^^^^^^^^^^^^^^^^^^^^^^^^^^^^^^^^^^^^^^^^^^^^^^^^^^^^^^^^^^^^^^^^^^^^^^^^^^

error[E0599]: no method named `shortest_path_cost_with_workspace` found for struct `Graph` in the current scope
   --> grafo/tests/search_workspace.rs:112:15
    |
112 |         small.shortest_path_cost_with_workspace("a", "d", &mut workspace).unwrap(),
    |               ^^^^^^^^^^^^^^^^^^^^^^^^^^^^^^^^^
    |
help: there is a method `shortest_path_cost` with a similar name, but with different arguments
   --> grafo/src/graph.rs:617:5
    |
617 |     pub fn shortest_path_cost(&self, from: &str, to: &str) -> Result<Option<f64>, GraphError> {
    |     ^^^^^^^^^^^^^^^^^^^^^^^^^^^^^^^^^^^^^^^^^^^^^^^^^^^^^^^^^^^^^^^^^^^^^^^^^^^^^^^^^^^^^^^^^

error[E0599]: no method named `shortest_path_cost_with_workspace` found for struct `Graph` in the current scope
   --> grafo/tests/search_workspace.rs:113:15
    |
113 |         large.shortest_path_cost_with_workspace("n0", "n99", &mut workspace).unwrap(),
    |               ^^^^^^^^^^^^^^^^^^^^^^^^^^^^^^^^^
    |
help: there is a method `shortest_path_cost` with a similar name, but with different arguments
   --> grafo/src/graph.rs:617:5
    |
617 |     pub fn shortest_path_cost(&self, from: &str, to: &str) -> Result<Option<f64>, GraphError> {
    |     ^^^^^^^^^^^^^^^^^^^^^^^^^^^^^^^^^^^^^^^^^^^^^^^^^^^^^^^^^^^^^^^^^^^^^^^^^^^^^^^^^^^^^^^^^

error[E0599]: no method named `shortest_path_cost_with_workspace` found for struct `Graph` in the current scope
   --> grafo/tests/search_workspace.rs:114:15
    |
114 |         first.shortest_path_cost_with_workspace("a", "d", &mut workspace).unwrap(),
    |               ^^^^^^^^^^^^^^^^^^^^^^^^^^^^^^^^^
    |
help: there is a method `shortest_path_cost` with a similar name, but with different arguments
   --> grafo/src/graph.rs:617:5
    |
617 |     pub fn shortest_path_cost(&self, from: &str, to: &str) -> Result<Option<f64>, GraphError> {
    |     ^^^^^^^^^^^^^^^^^^^^^^^^^^^^^^^^^^^^^^^^^^^^^^^^^^^^^^^^^^^^^^^^^^^^^^^^^^^^^^^^^^^^^^^^^

error[E0599]: no method named `shortest_path_cost_with_workspace` found for struct `Graph` in the current scope
   --> grafo/tests/search_workspace.rs:116:29
    |
116 |     let empty_error = empty.shortest_path_cost_with_workspace("a", "d", &mut workspace).unwrap_err();
    |                             ^^^^^^^^^^^^^^^^^^^^^^^^^^^^^^^^^
    |
help: there is a method `shortest_path_cost` with a similar name, but with different arguments
   --> grafo/src/graph.rs:617:5
    |
617 |     pub fn shortest_path_cost(&self, from: &str, to: &str) -> Result<Option<f64>, GraphError> {
    |     ^^^^^^^^^^^^^^^^^^^^^^^^^^^^^^^^^^^^^^^^^^^^^^^^^^^^^^^^^^^^^^^^^^^^^^^^^^^^^^^^^^^^^^^^^

error[E0599]: no method named `shortest_path_cost_with_workspace` found for struct `Graph` in the current scope
   --> grafo/tests/search_workspace.rs:117:27
    |
117 |     let recovered = small.shortest_path_cost_with_workspace("a", "d", &mut workspace).unwrap();
    |                           ^^^^^^^^^^^^^^^^^^^^^^^^^^^^^^^^^
    |
help: there is a method `shortest_path_cost` with a similar name, but with different arguments
   --> grafo/src/graph.rs:617:5
    |
617 |     pub fn shortest_path_cost(&self, from: &str, to: &str) -> Result<Option<f64>, GraphError> {
    |     ^^^^^^^^^^^^^^^^^^^^^^^^^^^^^^^^^^^^^^^^^^^^^^^^^^^^^^^^^^^^^^^^^^^^^^^^^^^^^^^^^^^^^^^^^

error[E0599]: no method named `shortest_path_filtered_cost_with_workspace` found for struct `Graph` in the current scope
   --> grafo/tests/search_workspace.rs:131:15
    |
131 |         graph.shortest_path_filtered_cost_with_workspace("a", "d", |attrs| {
    |         ------^^^^^^^^^^^^^^^^^^^^^^^^^^^^^^^^^^^^^^^^^^
    |
help: there is a method `shortest_path_filtered_cost` with a similar name, but with different arguments
   --> grafo/src/graph.rs:758:5
    |
758 | /     pub fn shortest_path_filtered_cost<F>(
759 | |         &self,
760 | |         from: &str,
761 | |         to: &str,
...   |
764 | |     where
765 | |         F: Fn(&NodeAttrs) -> bool,
    | |__________________________________^

error[E0599]: no method named `shortest_path_cost_with_workspace` found for struct `Graph` in the current scope
   --> grafo/tests/search_workspace.rs:136:24
    |
136 |     let result = graph.shortest_path_cost_with_workspace("a", "d", &mut workspace).unwrap();
    |                        ^^^^^^^^^^^^^^^^^^^^^^^^^^^^^^^^^
    |
help: there is a method `shortest_path_cost` with a similar name, but with different arguments
   --> grafo/src/graph.rs:617:5
    |
617 |     pub fn shortest_path_cost(&self, from: &str, to: &str) -> Result<Option<f64>, GraphError> {
    |     ^^^^^^^^^^^^^^^^^^^^^^^^^^^^^^^^^^^^^^^^^^^^^^^^^^^^^^^^^^^^^^^^^^^^^^^^^^^^^^^^^^^^^^^^^

error[E0599]: no method named `shortest_path_cost_with_workspace` found for struct `Graph` in the current scope
   --> grafo/tests/search_workspace.rs:137:29
    |
137 |     let unreachable = graph.shortest_path_cost_with_workspace("d", "z", &mut workspace).unwrap();
    |                             ^^^^^^^^^^^^^^^^^^^^^^^^^^^^^^^^^
    |
help: there is a method `shortest_path_cost` with a similar name, but with different arguments
   --> grafo/src/graph.rs:617:5
    |
617 |     pub fn shortest_path_cost(&self, from: &str, to: &str) -> Result<Option<f64>, GraphError> {
    |     ^^^^^^^^^^^^^^^^^^^^^^^^^^^^^^^^^^^^^^^^^^^^^^^^^^^^^^^^^^^^^^^^^^^^^^^^^^^^^^^^^^^^^^^^^

error[E0599]: no method named `shortest_path_cost_with_workspace` found for struct `Graph` in the current scope
   --> grafo/tests/search_workspace.rs:153:24
    |
153 |     let result = graph.shortest_path_cost_with_workspace("a", "d", &mut workspace).unwrap();
    |                        ^^^^^^^^^^^^^^^^^^^^^^^^^^^^^^^^^
    |
help: there is a method `shortest_path_cost` with a similar name, but with different arguments
   --> grafo/src/graph.rs:617:5
    |
617 |     pub fn shortest_path_cost(&self, from: &str, to: &str) -> Result<Option<f64>, GraphError> {
    |     ^^^^^^^^^^^^^^^^^^^^^^^^^^^^^^^^^^^^^^^^^^^^^^^^^^^^^^^^^^^^^^^^^^^^^^^^^^^^^^^^^^^^^^^^^

error[E0599]: no method named `shortest_path_cost_with_workspace` found for struct `Graph` in the current scope
   --> grafo/tests/search_workspace.rs:154:27
    |
154 |     let finite = overflow.shortest_path_cost_with_workspace("a", "b", &mut workspace).unwrap();
    |                           ^^^^^^^^^^^^^^^^^^^^^^^^^^^^^^^^^
    |
help: there is a method `shortest_path_cost` with a similar name, but with different arguments
   --> grafo/src/graph.rs:617:5
    |
617 |     pub fn shortest_path_cost(&self, from: &str, to: &str) -> Result<Option<f64>, GraphError> {
    |     ^^^^^^^^^^^^^^^^^^^^^^^^^^^^^^^^^^^^^^^^^^^^^^^^^^^^^^^^^^^^^^^^^^^^^^^^^^^^^^^^^^^^^^^^^

error[E0599]: no method named `shortest_path_cost_with_workspace` found for struct `Graph` in the current scope
   --> grafo/tests/search_workspace.rs:155:29
    |
155 |     let infinite = overflow.shortest_path_cost_with_workspace("a", "c", &mut workspace).unwrap();
    |                             ^^^^^^^^^^^^^^^^^^^^^^^^^^^^^^^^^
    |
help: there is a method `shortest_path_cost` with a similar name, but with different arguments
   --> grafo/src/graph.rs:617:5
    |
617 |     pub fn shortest_path_cost(&self, from: &str, to: &str) -> Result<Option<f64>, GraphError> {
    |     ^^^^^^^^^^^^^^^^^^^^^^^^^^^^^^^^^^^^^^^^^^^^^^^^^^^^^^^^^^^^^^^^^^^^^^^^^^^^^^^^^^^^^^^^^

error[E0599]: no method named `shortest_path_cost_with_workspace` found for struct `Graph` in the current scope
   --> grafo/tests/search_workspace.rs:179:33
    |
179 |         .map(|(from, to)| graph.shortest_path_cost_with_workspace(from, to, &mut workspace).unwrap())
    |                                 ^^^^^^^^^^^^^^^^^^^^^^^^^^^^^^^^^
    |
help: there is a method `shortest_path_cost` with a similar name, but with different arguments
   --> grafo/src/graph.rs:617:5
    |
617 |     pub fn shortest_path_cost(&self, from: &str, to: &str) -> Result<Option<f64>, GraphError> {
    |     ^^^^^^^^^^^^^^^^^^^^^^^^^^^^^^^^^^^^^^^^^^^^^^^^^^^^^^^^^^^^^^^^^^^^^^^^^^^^^^^^^^^^^^^^^

error[E0599]: no method named `shortest_path_cost_with_workspace` found for reference `&Graph` in the current scope
   --> grafo/tests/search_workspace.rs:197:40
    |
197 |                 (0..100).map(|_| graph.shortest_path_cost_with_workspace("a", "d", &mut workspace).unwrap())
    |                                        ^^^^^^^^^^^^^^^^^^^^^^^^^^^^^^^^^
    |
help: there is a method `shortest_path_cost` with a similar name, but with different arguments
   --> grafo/src/graph.rs:617:5
    |
617 |     pub fn shortest_path_cost(&self, from: &str, to: &str) -> Result<Option<f64>, GraphError> {
    |     ^^^^^^^^^^^^^^^^^^^^^^^^^^^^^^^^^^^^^^^^^^^^^^^^^^^^^^^^^^^^^^^^^^^^^^^^^^^^^^^^^^^^^^^^^

Some errors have detailed explanations: E0432, E0599.
For more information about an error, try `rustc --explain E0432`.
error: could not compile `grafo-dag` (test "search_workspace") due to 23 previous errors
